
> csu-reporting@0.1.0 test
> vitest run src/app/report/page.test.tsx


[1m[46m RUN [49m[22m [36mv4.0.18 [39m[90m/Users/jhouck/Documents/CSU Reporting[39m

 [31m❯[39m src/app/report/page.test.tsx [2m([22m[2m4 tests[22m[2m | [22m[31m1 failed[39m[2m)[22m[32m 212[2mms[22m[39m
     [32m✓[39m renders the main heading[32m 123[2mms[22m[39m
     [32m✓[39m renders the subtext[32m 27[2mms[22m[39m
[31m     [31m×[31m renders the form sections[39m[32m 28[2mms[22m[39m
     [32m✓[39m renders the download button as disabled initially[32m 34[2mms[22m[39m

[31m⎯⎯⎯⎯⎯⎯⎯[39m[1m[41m Failed Tests 1 [49m[22m[31m⎯⎯⎯⎯⎯⎯⎯[39m

[41m[1m FAIL [22m[49m src/app/report/page.test.tsx[2m > [22mReportingPage[2m > [22mrenders the form sections
[31m[1mTestingLibraryElementError[22m[39m: Unable to find an element with the text: /Select Project/i. This could be because the text is broken up by multiple elements. In this case, you can provide a function for your text matcher to make your matcher more flexible.

Ignored nodes: comments, script, style
[36m<body>[39m
  [36m<div>[39m
    [36m<div[39m
      [33mclass[39m=[32m"container mx-auto py-8 px-4 max-w-4xl space-y-8"[39m
    [36m>[39m
      [36m<div[39m
        [33mclass[39m=[32m"flex flex-col gap-2"[39m
      [36m>[39m
        [36m<h1[39m
          [33mclass[39m=[32m"text-3xl font-bold tracking-tight"[39m
        [36m>[39m
          [0mDaily Shift Report[0m
        [36m</h1>[39m
        [36m<p[39m
          [33mclass[39m=[32m"text-muted-foreground"[39m
        [36m>[39m
          [0mComplete the details below to generate your shift report.[0m
        [36m</p>[39m
      [36m</div>[39m
      [36m<div[39m
        [33mclass[39m=[32m"grid grid-cols-1 gap-8"[39m
      [36m>[39m
        [36m<section[39m
          [33mclass[39m=[32m"space-y-4"[39m
        [36m>[39m
          [36m<div[39m
            [33mclass[39m=[32m"bg-card text-card-foreground flex flex-col gap-6 rounded-xl border py-6 shadow-sm w-full"[39m
            [33mdata-slot[39m=[32m"card"[39m
          [36m>[39m
            [36m<div[39m
              [33mclass[39m=[32m"@container/card-header grid auto-rows-min grid-rows-[auto_auto] items-start gap-2 px-6 has-data-[slot=card-action]:grid-cols-[1fr_auto] [.border-b]:pb-6"[39m
              [33mdata-slot[39m=[32m"card-header"[39m
            [36m>[39m
              [36m<div[39m
                [33mclass[39m=[32m"leading-none font-semibold"[39m
                [33mdata-slot[39m=[32m"card-title"[39m
              [36m>[39m
                [0mShift Details[0m
              [36m</div>[39m
            [36m</div>[39m
            [36m<div[39m
              [33mclass[39m=[32m"px-6"[39m
              [33mdata-slot[39m=[32m"card-content"[39m
            [36m>[39m
              [36m<form[39m
                [33mclass[39m=[32m"space-y-6"[39m
              [36m>[39m
                [36m<div[39m
                  [33mclass[39m=[32m"grid gap-2"[39m
                  [33mdata-slot[39m=[32m"form-item"[39m
                [36m>[39m
                  [36m<label[39m
                    [33mclass[39m=[32m"flex items-center gap-2 text-sm leading-none font-medium select-none group-data-[disabled=true]:pointer-events-none group-data-[disabled=true]:opacity-50 peer-disabled:cursor-not-allowed peer-disabled:opacity-50 data-[error=true]:text-destructive"[39m
                    [33mdata-error[39m=[32m"false"[39m
                    [33mdata-slot[39m=[32m"form-label"[39m
                    [33mfor[39m=[32m"_r_o_-form-item"[39m
                  [36m>[39m
                    [0mProject[0m
                  [36m</label>[39m
                  [36m<button[39m
                    [33maria-autocomplete[39m=[32m"none"[39m
                    [33maria-controls[39m=[32m"radix-_r_p_"[39m
                    [33maria-describedby[39m=[32m"_r_o_-form-item-description"[39m
                    [33maria-expanded[39m=[32m"false"[39m
                    [33maria-invalid[39m=[32m"false"[39m
                    [33mclass[39m=[32m"border-input data-[placeholder]:text-muted-foreground [&_svg:not([class*='text-'])]:text-muted-foreground focus-visible:border-ring focus-visible:ring-ring/50 aria-invalid:ring-destructive/20 dark:aria-invalid:ring-destructive/40 aria-invalid:border-destructive dark:bg-input/30 dark:hover:bg-input/50 flex w-fit items-center justify-between gap-2 rounded-md border bg-transparent px-3 py-2 text-sm whitespace-nowrap shadow-xs transition-[color,box-shadow] outline-none focus-visible:ring-[3px] disabled:cursor-not-allowed disabled:opacity-50 data-[size=default]:h-9 data-[size=sm]:h-8 *:data-[slot=select-value]:line-clamp-1 *:data-[slot=select-value]:flex *:data-[slot=select-value]:items-center *:data-[slot=select-value]:gap-2 [&_svg]:pointer-events-none [&_svg]:shrink-0 [&_svg:not([class*='size-'])]:size-4"[39m
                    [33mdata-placeholder[39m=[32m""[39m
                    [33mdata-size[39m=[32m"default"[39m
                    [33mdata-slot[39m=[32m"form-control"[39m
                    [33mdata-state[39m=[32m"closed"[39m
                    [33mdir[39m=[32m"ltr"[39m
                    [33mid[39m=[32m"_r_o_-form-item"[39m
                    [33mrole[39m=[32m"combobox"[39m
                    [33mtype[39m=[32m"button"[39m
                  [36m>[39m
                    [36m<span[39m
                      [33mdata-slot[39m=[32m"select-value"[39m
                      [33mstyle[39m=[32m"pointer-events: none;"[39m
                    [36m>[39m
                      [0mSelect a project[0m
                    [36m</span>[39m
                    [36m<svg[39m
                      [33maria-hidden[39m=[32m"true"[39m
                      [33mclass[39m=[32m"lucide lucide-chevron-down size-4 opacity-50"[39m
                      [33mfill[39m=[32m"none"[39m
                      [33mheight[39m=[32m"24"[39m
                      [33mstroke[39m=[32m"currentColor"[39m
                      [33mstroke-linecap[39m=[32m"round"[39m
                      [33mstroke-linejoin[39m=[32m"round"[39m
                      [33mstroke-width[39m=[32m"2"[39m
                      [33mviewBox[39m=[32m"0 0 24 24"[39m
                      [33mwidth[39m=[32m"24"[39m
                      [33mxmlns[39m=[32m"http://www.w3.org/2000/svg"[39m
                    [36m>[39m
                      [36m<path[39m
                        [33md[39m=[32m"m6 9 6 6 6-6"[39m
                      [36m/>[39m
                    [36m</svg>[39m
                  [36m</button>[39m
                  [36m<select[39m
                    [33maria-hidden[39m=[32m"true"[39m
                    [33mstyle[39m=[32m"position: absolute; border: 0px; width: 1px; height: 1px; padding: 0px; margin: -1px; overflow: hidden; clip: rect(0px, 0px, 0px, 0px); white-space: nowrap; word-wrap: normal;"[39m
                    [33mtabindex[39m=[32m"-1"[39m
                  [36m>[39m
                    [36m<option[39m
                      [33mvalue[39m=[32m"1"[39m
                    [36m>[39m
                      [0mSite Shutdown - Main North[0m
                    [36m</option>[39m
                    [36m<option[39m
                      [33mvalue[39m=[32m"2"[39m
                    [36m>[39m
                      [0mProject Alpha - Pipeline Repair[0m
                    [36m</option>[39m
                    [36m<option[39m
                      [33mvalue[39m=[32m"3"[39m
                    [36m>[39m
                      [0mCSU Maintenance - Western Region[0m
                    [36m</option>[39m
                  [36m</select>[39m
                [36m</div>[39m
                [36m<div[39m
                  [33mclass[39m=[32m"grid grid-cols-1 md:grid-cols-2 gap-4"[39m
                [3...
[90m [2m❯[22m Object.getElementError node_modules/@testing-library/dom/dist/config.js:[2m37:19[22m[39m
[90m [2m❯[22m node_modules/@testing-library/dom/dist/query-helpers.js:[2m76:38[22m[39m
[90m [2m❯[22m node_modules/@testing-library/dom/dist/query-helpers.js:[2m52:17[22m[39m
[90m [2m❯[22m node_modules/@testing-library/dom/dist/query-helpers.js:[2m95:19[22m[39m
[36m [2m❯[22m src/app/report/page.test.tsx:[2m39:23[22m[39m
    [90m 37| [39m        [34mrender[39m([33m<[39m[33mReportingPage[39m [33m/[39m[33m>[39m)
    [90m 38| [39m        [90m// Check for specific text that appears in the sub-components[39m
    [90m 39| [39m        [34mexpect[39m(screen[33m.[39m[34mgetByText[39m([36m/Select Project/i[39m))[33m.[39m[34mtoBeDefined[39m()
    [90m   | [39m                      [31m^[39m
    [90m 40| [39m        [34mexpect[39m(screen[33m.[39m[34mgetByText[39m([36m/Bullet Points/i[39m))[33m.[39m[34mtoBeDefined[39m()
    [90m 41| [39m        [34mexpect[39m(screen[33m.[39m[34mgetByText[39m([36m/Photo Upload/i[39m))[33m.[39m[34mtoBeDefined[39m()

[31m[2m⎯⎯⎯⎯⎯⎯⎯⎯⎯⎯⎯⎯⎯⎯⎯⎯⎯⎯⎯⎯⎯⎯⎯⎯[1/1]⎯[22m[39m


[2m Test Files [22m [1m[31m1 failed[39m[22m[90m (1)[39m
[2m      Tests [22m [1m[31m1 failed[39m[22m[2m | [22m[1m[32m3 passed[39m[22m[90m (4)[39m
[2m   Start at [22m 09:53:21
[2m   Duration [22m 2.24s[2m (transform 103ms, setup 42ms, import 1.62s, tests 212ms, environment 281ms)[22m

